// Jest Snapshot v1, https://goo.gl/fbAQLP

exports[`renders correctly 1`] = `
<div
  className="steps-container"
>
  <h2
    className="step-title"
  >
    Step 
    <span
      className="step-number"
    >
      1
    </span>
    :
  </h2>
  <p
    className="step-description"
  >
    Preheat the oven to 200 degrees F.
  </p>
</div>
`;
